// Jest Snapshot v1, https://goo.gl/fbAQLP

exports[`Tile renders base styles 1`] = `
.c2 {
  padding-right: 24px;
  padding-left: 24px;
  box-sizing: border-box;
  position: relative;
  -webkit-box-flex: 1;
  -webkit-flex-grow: 1;
  -ms-flex-positive: 1;
  flex-grow: 1;
  display: inline;
}

.c2:last-of-type {
  padding-right: 0;
}

.c2:first-of-type {
  padding-left: 0;
}

.c2 + .c1 {
  margin-top: 0;
  border-left: solid 1px #E6EBED;
}

.c3 + .c1 {
  margin-top: 0;
  border-top: solid 1px #E6EBED;
}

.c4 + .c1 {
  margin-top: 0;
  border-left: solid 1px #E6EBED;
}

.c5 + .c1 {
  margin-top: 0;
  border-top: solid 1px #E6EBED;
}

.c0 {
  padding: 24px;
  background-color: #FFFFFF;
  border: 1px solid #CCD6DB;
  display: -webkit-box;
  display: -webkit-flex;
  display: -ms-flexbox;
  display: flex;
  -webkit-flex-direction: row;
  -ms-flex-direction: row;
  flex-direction: row;
  position: relative;
  width: 100%;
}

<div
  className="c0"
  data-component="tile"
>
  <div
    className="c1 c2"
  >
    <div
      className="carbon-content carbon-content--primary carbon-content--align-left"
      data-component="content"
    >
      <div
        className="carbon-content__title"
        data-element="title"
        style={Object {}}
      />
      <div
        className="carbon-content__body"
        data-element="body"
        style={Object {}}
      >
        Child 1
      </div>
    </div>
  </div>
  <div
    className="c1 c2"
  >
    <div
      className="carbon-content carbon-content--primary carbon-content--align-left"
      data-component="content"
    >
      <div
        className="carbon-content__title"
        data-element="title"
        style={Object {}}
      />
      <div
        className="carbon-content__body"
        data-element="body"
        style={Object {}}
      >
        Child 2
      </div>
    </div>
  </div>
</div>
`;
