// Jest Snapshot v1, https://goo.gl/fbAQLP

exports[`withUniqueProp HOC matches the snapshot when the it is passed an anonymous component with no name or display name 1`] = `
<WithUniqueProp
  forwardedRef={null}
  name="foo"
/>
`;
