// Jest Snapshot v1, https://goo.gl/fbAQLP

exports[`ButtonToggleGroup Modern theme renders correctly with default settings 1`] = `
.c7 {
  display: -webkit-box;
  display: -webkit-flex;
  display: -ms-flexbox;
  display: flex;
  -webkit-box-pack: center;
  -webkit-justify-content: center;
  -ms-flex-pack: center;
  justify-content: center;
  -webkit-align-items: center;
  -webkit-box-align: center;
  -ms-flex-align: center;
  align-items: center;
  width: 100%;
  height: 100%;
}

.c6 {
  display: inline-block;
  position: relative;
  height: 38px;
  padding: 0 24px;
  font-weight: 600;
  cursor: pointer;
  border: 1px solid #668592;
  font-size: 14px;
  background-color: #FFFFFF;
}

input:checked ~ .c6 {
  color: #FFFFFF;
  background-color: #00402E;
}

input:checked ~ .c6 .c8 {
  color: #FFFFFF;
}

input:focus ~ .c6 {
  outline: 3px solid #FFB500;
  z-index: 100;
}

.c6:hover {
  background-color: #E6F6F1;
  border-color: #00402E;
}

.c4 {
  display: inline-block;
  vertical-align: middle;
}

.c4:not(:first-of-type) {
  margin-left: 10px;
}

.c5 {
  position: absolute;
  width: 0;
  height: 0;
  opacity: 0;
}

.c1 + .c0 {
  margin-top: 16px;
}

.c2 {
  display: block;
}

.c3 {
  display: -webkit-box;
  display: -webkit-flex;
  display: -ms-flexbox;
  display: flex;
}

.c3 .c9 {
  margin-left: 4px;
}

<div
  className="c0 c1"
>
  <div
    className="c2"
  >
    <div
      className="c3"
      data-component="button-toggle-group"
      role="group"
    >
      <div
        className="c4"
        data-component="button-toggle"
        onClick={[Function]}
      >
        <input
          checked={false}
          className="c5"
          id="guid-12345"
          name="button-toggle-group"
          onBlur={[Function]}
          onChange={[Function]}
          onFocus={[Function]}
          type="radio"
          value="foo"
        />
        <label
          className="c6"
          htmlFor="guid-12345"
          onMouseEnter={[Function]}
          onMouseLeave={[Function]}
        >
          <div
            className="c7"
          >
            Foo
          </div>
        </label>
      </div>
      <div
        className="c4"
        data-component="button-toggle"
        onClick={[Function]}
      >
        <input
          checked={false}
          className="c5"
          id="guid-12345"
          name="button-toggle-group"
          onBlur={[Function]}
          onChange={[Function]}
          onFocus={[Function]}
          type="radio"
          value="bar"
        />
        <label
          className="c6"
          htmlFor="guid-12345"
          onMouseEnter={[Function]}
          onMouseLeave={[Function]}
        >
          <div
            className="c7"
          >
            Bar
          </div>
        </label>
      </div>
    </div>
  </div>
</div>
`;
