// Jest Snapshot v1, https://goo.gl/fbAQLP

exports[`Input renders with an input 1`] = `
.c0 {
  background: transparent;
  border: none;
  color: rgba(0,0,0,0.9);
  -webkit-box-flex: 1;
  -webkit-flex-grow: 1;
  -ms-flex-positive: 1;
  flex-grow: 1;
  font-size: 14px;
  outline: none;
  padding: 0;
  margin: 0;
  width: 30px;
}

.c0:-webkit-autofill {
  background-clip: text;
  -webkit-background-clip: text;
}

.c0::-webkit-input-placeholder {
  color: rgba(0,0,0,0.55);
}

.c0::-moz-placeholder {
  color: rgba(0,0,0,0.55);
}

.c0:-ms-input-placeholder {
  color: rgba(0,0,0,0.55);
}

.c0::placeholder {
  color: rgba(0,0,0,0.55);
}

<input
  className="c0"
  data-element="input"
  onBlur={[Function]}
  onChange={[Function]}
  onClick={[Function]}
  onFocus={[Function]}
  type="text"
/>
`;
