// Jest Snapshot v1, https://goo.gl/fbAQLP

exports[`DialogFullScreen dialogTitle has a Ref to the scrollable content and the ref to content exists and contains html 1`] = `
.c1 {
  padding-left: 24px;
  padding-right: 24px;
  -webkit-align-items: center;
  -webkit-box-align: center;
  -ms-flex-align: center;
  align-items: center;
  cursor: pointer;
  display: -webkit-inline-box;
  display: -webkit-inline-flex;
  display: -ms-inline-flexbox;
  display: inline-flex;
  -webkit-flex-direction: column;
  -ms-flex-direction: column;
  flex-direction: column;
  -webkit-flex-flow: wrap;
  -ms-flex-flow: wrap;
  flex-flow: wrap;
  -webkit-box-pack: center;
  -webkit-justify-content: center;
  -ms-flex-pack: center;
  justify-content: center;
  vertical-align: middle;
  border: 2px solid transparent;
  box-sizing: border-box;
  font-weight: 600;
  -webkit-text-decoration: none;
  text-decoration: none;
  background: transparent;
  border-color: #008200;
  color: #008200;
  font-size: 14px;
  min-height: 40px;
}

.c1:focus {
  outline: solid 3px #FFB500;
}

.c1:hover {
  background: #006300;
  border-color: #006300;
  color: #FFFFFF;
}

.c1:hover .c2 {
  color: #FFFFFF;
}

.c1 .c2 {
  margin-left: 0px;
  margin-right: 8px;
  height: 16px;
}

.c1 .c2 svg {
  margin-top: 0;
}

.c0 {
  overflow-y: auto;
  padding: 0 16px;
}

.c0 .c4.sticky {
  padding: 16px;
}

.c3 + .c0 {
  height: calc(100% - 0px);
}

@media screen and (min-width:600px) {
  .c0 .c4.sticky {
    padding: 16px 24px;
  }
}

@media screen and (min-width:960px) {
  .c0 .c4.sticky {
    padding: 16px 32px;
  }
}

@media screen and (min-width:1260px) {
  .c0 .c4.sticky {
    padding: 16px 40px;
  }
}

@media screen and (min-width:600px) {
  .c0 {
    padding: 0 24px;
  }
}

@media screen and (min-width:960px) {
  .c0 {
    padding: 0 32px;
  }
}

@media screen and (min-width:1260px) {
  .c0 {
    padding: 0 40px;
  }
}

<div
  class="c0"
  data-element="content"
>
  <button
    class="c1"
    data-component="button"
    role="button"
    type="button"
  >
    <span>
      <span
        data-element="main-text"
      >
        Button
      </span>
    </span>
  </button>
  <button
    class="c1"
    data-component="button"
    role="button"
    type="button"
  >
    <span>
      <span
        data-element="main-text"
      >
        Button
      </span>
    </span>
  </button>
</div>
`;

exports[`DialogFullScreen dialogTitle has a Ref to the scrollable content and the ref to heading exists 1`] = `
.c9 {
  display: inline-block;
  position: relative;
  color: rgba(0,0,0,0.65);
  background-color: transparent;
  vertical-align: middle;
  -webkit-align-items: center;
  -webkit-box-align: center;
  -ms-flex-align: center;
  align-items: center;
  display: -webkit-inline-box;
  display: -webkit-inline-flex;
  display: -ms-inline-flexbox;
  display: inline-flex;
  -webkit-box-pack: center;
  -webkit-justify-content: center;
  -ms-flex-pack: center;
  justify-content: center;
  height: 24px;
  width: 24px;
}

.c9:hover {
  color: rgba(0,0,0,0.90);
  background-color: transparent;
}

.c9::before {
  -webkit-font-smoothing: antialiased;
  -moz-osx-font-smoothing: grayscale;
  font-family: CarbonIcons;
  content: "\\e91e";
  font-size: 16px;
  font-style: normal;
  font-weight: normal;
  line-height: 16px;
  vertical-align: middle;
  display: block;
}

.c5 {
  font-family: "Lato";
  font-style: normal;
  font-size: 24px;
  font-weight: 900;
  text-transform: none;
  -webkit-text-decoration: none;
  text-decoration: none;
  line-height: 32px;
  margin: 0;
  padding: 0;
  color: rgba(0,0,0,0.90);
}

.c3 {
  width: 100%;
  position: relative;
}

.c3.c3.c3.c3 .c14 {
  margin-top: -22px;
  margin-top: -14px;
}

.c3.c3.c3.c3 .c14 a,
.c3.c3.c3.c3 .c14 button {
  -webkit-text-decoration: none;
  text-decoration: none;
  padding-top: 8px;
}

.c3.c3.c3.c3 .c14 a:focus,
.c3.c3.c3.c3 .c14 button:focus {
  background-color: transparent;
  outline: 3px solid #FFB500;
  width: 25px;
}

.c4 {
  position: relative;
}

.c6 {
  width: inherit;
  border: 0;
  height: 1px;
  background: #CCD6DB;
  margin: 15px 0 20px;
}

.c2 {
  display: -webkit-box;
  display: -webkit-flex;
  display: -ms-flexbox;
  display: flex;
  -webkit-flex-wrap: wrap;
  -ms-flex-wrap: wrap;
  flex-wrap: wrap;
}

.c1 {
  border-bottom: 1px solid #CCD6DB;
  display: -webkit-box;
  display: -webkit-flex;
  display: -ms-flexbox;
  display: flex;
  -webkit-box-pack: justify;
  -webkit-justify-content: space-between;
  -ms-flex-pack: justify;
  justify-content: space-between;
  -webkit-align-items: baseline;
  -webkit-box-align: baseline;
  -ms-flex-align: baseline;
  align-items: baseline;
  padding: 0 16px;
}

.c1 .carbon-heading {
  width: auto;
}

.c1 .carbon-heading .carbon-heading__header {
  background-color: transparent;
  -webkit-align-items: center;
  -webkit-box-align: center;
  -ms-flex-align: center;
  align-items: center;
  display: -webkit-box;
  display: -webkit-flex;
  display: -ms-flexbox;
  display: flex;
  padding-bottom: 0;
  border: none;
  margin: 22px 24px 24px 0;
}

.c1 .carbon-heading .carbon-heading__header .icon-chevron_left:before {
  font-size: 24px;
}

.c1 .carbon-heading .carbon-heading__header .carbon-heading__back {
  margin-top: -8px;
  margin-left: -5px;
}

.c7 {
  background: transparent;
  border: none;
  padding: 0;
}

.c7:focus {
  color: rgba(0,0,0,0.9);
  background-color: transparent;
  outline: solid 3px #FFB500;
  z-index: 1;
}

.c7:hover {
  cursor: pointer;
}

.c7::-moz-focus-inner {
  border: none;
}

.c7 .c8 {
  position: relative;
}

.c7 .c8:focus {
  border: none;
}

.c10:hover .c8 {
  color: #FFFFFF;
}

.c10 .c8 {
  margin-left: 0px;
  margin-right: 8px;
  height: 16px;
}

.c10 .c8 svg {
  margin-top: 0;
}

.c0 + .c11 {
  height: calc(100% - 0px);
}

.c0 + .c12 {
  height: calc(100% - 0px);
}

.c0 + .c13 {
  height: calc(100% - 0px);
}

@media screen and (min-width:600px) {
  .c1 {
    padding: 0 24px;
  }
}

@media screen and (min-width:960px) {
  .c1 {
    padding: 0 32px;
  }
}

@media screen and (min-width:1260px) {
  .c1 {
    padding: 0 40px;
  }
}

<div
  class="c0 c1"
  data-component="full-screen-heading"
>
  <div
    class="c2"
  >
    <div
      class="c3"
      data-component="heading"
    >
      <div
        class="c4"
      >
        <div
          class=""
        >
          <div
            class=""
          >
            <span
              class="c5"
              color="blackOpacity90"
              data-element="title"
              text-decoration="none"
            >
              my custom heading
            </span>
          </div>
        </div>
      </div>
      <hr
        class="c6"
      />
    </div>
  </div>
  <button
    class="c7"
    data-element="close"
    type="button"
  >
    <span
      class="c8 c9"
      data-component="icon"
      data-element="close"
      font-size="small"
      type="close"
    />
  </button>
</div>
`;
