// Jest Snapshot v1, https://goo.gl/fbAQLP

exports[`RadioButton styles base renders as expected 1`] = `
.c4 + .c3 {
  margin-top: 16px;
}

.c12 + .c3 {
  margin-top: 10px;
}

.c6 {
  display: -webkit-box;
  display: -webkit-flex;
  display: -ms-flexbox;
  display: flex;
}

.c10 {
  cursor: pointer;
  opacity: 0;
  margin: 0;
  position: relative;
  z-index: 999;
}

.c8 {
  display: inline-block;
  position: relative;
}

.c13 .c5 {
  display: -webkit-box;
  display: -webkit-flex;
  display: -ms-flexbox;
  display: flex;
}

.c13 .c9:hover,
.c13 .sc-ifAKCX:hover,
.c13 .c9:focus,
.c13 .sc-ifAKCX:focus {
  outline: none;
  cursor: not-allowed;
}

.c2 .c5 {
  display: -webkit-box;
  display: -webkit-flex;
  display: -ms-flexbox;
  display: flex;
}

.c2 .c23 {
  width: auto;
}

.c2 .c23 .c24,
.c2 .c23 .c25 {
  color: rgba(0,0,0,0.65);
  vertical-align: middle;
}

.c2 .c23 .c24:hover,
.c2 .c23 .c25:hover,
.c2 .c23 .c24:focus,
.c2 .c23 .c25:focus {
  color: rgba(0,0,0,0.9);
}

.c2 .c22 {
  -webkit-flex-basis: 100%;
  -ms-flex-preferred-size: 100%;
  flex-basis: 100%;
}

.c14 .c5 {
  display: -webkit-box;
  display: -webkit-flex;
  display: -ms-flexbox;
  display: flex;
}

.c14 .c5 {
  -webkit-flex-wrap: nowrap;
  -ms-flex-wrap: nowrap;
  flex-wrap: nowrap;
}

.c14 .c7 {
  margin-right: 0;
  margin-left: 8px;
}

.c14 .c7 {
  margin-left: 0;
}

.c15 .c7 {
  padding-top: 1px;
}

.c15 .c11 {
  height: 16px;
}

.c15 .c9,
.c15 svg {
  height: 16px;
  position: absolute;
  padding: 1px;
}

.c15 .c7,
.c15 .c9,
.c15 .c11,
.c15 svg {
  box-sizing: border-box;
  min-width: 16px;
  width: 16px;
}

.c15 .c9:not([disabled]):focus + .c11,
.c15 .c9:not([disabled]):hover + .c11 {
  box-shadow: 0 0 0 3px #FFB500;
}

.c15 .c9:checked ~ .c11 svg path {
  fill: rgba(0,0,0,0.90);
}

.c15 .c9:checked ~ .c11 svg path {
  fill: #CCD6DB;
}

.c15 .c11:hover,
.c15 .c11:focus {
  outline: none;
  cursor: not-allowed;
}

.c15 .c7 {
  margin-right: 16px;
}

.c15 .c11 {
  padding: 0;
}

.c15 .c11,
.c15 svg {
  border-radius: 50%;
}

.c15 .c7,
.c15 .c9,
.c15 .c11,
.c15 svg {
  height: 16px;
  width: 16px;
}

.c15 .c9:checked + .c11 circle {
  fill: rgba(0,0,0,0.9);
}

.c15 .c9:checked + .c11 circle {
  fill: #CCD6DB;
}

.c16 .c7 {
  padding-top: 1px;
}

.c16 .c11 {
  height: 16px;
}

.c16 .c9,
.c16 svg {
  height: 16px;
  position: absolute;
  padding: 1px;
}

.c16 .c7,
.c16 .c9,
.c16 .c11,
.c16 svg {
  box-sizing: border-box;
  min-width: 16px;
  width: 16px;
}

.c16 .c9:not([disabled]):focus + .c11,
.c16 .c9:not([disabled]):hover + .c11 {
  box-shadow: 0 0 0 3px #FFB500;
}

.c16 .c11 {
  height: 24px;
}

.c16 .c7,
.c16 .c9,
.c16 .c11,
.c16 svg {
  height: 24px;
  width: 24px;
}

.c16 .c9:checked ~ .c11 svg path {
  fill: rgba(0,0,0,0.90);
}

.c16 .c7 {
  margin-right: 16px;
}

.c16 .c11 {
  padding: 0;
}

.c16 .c11,
.c16 svg {
  border-radius: 50%;
}

.c16 .c7,
.c16 .c9,
.c16 .c11,
.c16 svg {
  height: 16px;
  width: 16px;
}

.c16 .c9:checked + .c11 circle {
  fill: rgba(0,0,0,0.9);
}

.c16 .c7 {
  margin-right: 14px;
}

.c16 .c7,
.c16 .c9,
.c16 .c11,
.c16 svg {
  height: 24px;
  width: 24px;
}

.c17 .c7 {
  padding-top: 1px;
}

.c17 .c11 {
  height: 16px;
}

.c17 .c9,
.c17 svg {
  height: 16px;
  position: absolute;
  padding: 1px;
}

.c17 .c7,
.c17 .c9,
.c17 .c11,
.c17 svg {
  box-sizing: border-box;
  min-width: 16px;
  width: 16px;
}

.c17 .c9:not([disabled]):focus + .c11,
.c17 .c9:not([disabled]):hover + .c11 {
  box-shadow: 0 0 0 3px #FFB500;
}

.c17 .c11 {
  height: 24px;
}

.c17 .c7,
.c17 .c9,
.c17 .c11,
.c17 svg {
  height: 24px;
  width: 24px;
}

.c17 .c9:checked ~ .c11 svg path {
  fill: rgba(0,0,0,0.90);
}

.c17 .c7 {
  margin-right: 16px;
}

.c17 .c11 {
  padding: 0;
}

.c17 .c11,
.c17 svg {
  border-radius: 50%;
}

.c17 .c7,
.c17 .c9,
.c17 .c11,
.c17 svg {
  height: 16px;
  width: 16px;
}

.c17 .c9:checked + .c11 circle {
  fill: rgba(0,0,0,0.9);
}

.c17 .c7 {
  margin-right: 14px;
}

.c17 .c7,
.c17 .c9,
.c17 .c11,
.c17 svg {
  height: 24px;
  width: 24px;
}

.c17 .c7 {
  margin-right: 0;
  margin-left: 16px;
}

.c18 .c7 {
  padding-top: 1px;
}

.c18 .c11 {
  height: 16px;
}

.c18 .c9,
.c18 svg {
  height: 16px;
  position: absolute;
  padding: 1px;
}

.c18 .c7,
.c18 .c9,
.c18 .c11,
.c18 svg {
  box-sizing: border-box;
  min-width: 16px;
  width: 16px;
}

.c18 .c9:not([disabled]):focus + .c11,
.c18 .c9:not([disabled]):hover + .c11 {
  box-shadow: 0 0 0 3px #FFB500;
}

.c18 .c9:checked ~ .c11 svg path {
  fill: rgba(0,0,0,0.90);
}

.c18 .c7 {
  padding: 1px 0 0 0;
}

.c18 .c9,
.c18 svg {
  padding: 1px;
}

.c18 .c7,
.c18 .c9,
.c18 .c11,
.c18 svg {
  height: 15px;
  width: 15px;
}

.c18 .c9:not([disabled]):focus + .c11,
.c18 .c9:not([disabled]):hover + .c11 {
  box-shadow: none;
}

.c18 .c9:not([disabled]):focus + .c11 > svg,
.c18 .c9:not([disabled]):hover + .c11 > svg {
  border: 1px solid #1963f6;
  outline: none;
}

.c18 .c9:checked ~ .c11 svg path {
  fill: rgba(0,0,0,0.85);
}

.c18 .c7 {
  margin-right: 16px;
}

.c18 .c11 {
  padding: 0;
}

.c18 .c11,
.c18 svg {
  border-radius: 50%;
}

.c18 .c7,
.c18 .c9,
.c18 .c11,
.c18 svg {
  height: 16px;
  width: 16px;
}

.c18 .c9:checked + .c11 circle {
  fill: rgba(0,0,0,0.9);
}

.c18 .c7,
.c18 .c9,
.c18 .c11,
.c18 svg {
  height: 15px;
  width: 15px;
}

.c18 .c7 {
  margin-right: 6px;
}

.c18 .c9:not([disabled]):focus + .c11 > svg {
  box-shadow: 0 0 6px rgba(25,99,246,0.6);
  -webkit-transition: box-shadow 0.1s linear;
  transition: box-shadow 0.1s linear;
}

.c18 .c9:checked + .c11 circle {
  fill: rgba(0,0,0,0.85);
}

.c19 .c7 {
  padding-top: 1px;
}

.c19 .c11 {
  height: 16px;
}

.c19 .c9,
.c19 svg {
  height: 16px;
  position: absolute;
  padding: 1px;
}

.c19 .c7,
.c19 .c9,
.c19 .c11,
.c19 svg {
  box-sizing: border-box;
  min-width: 16px;
  width: 16px;
}

.c19 .c9:not([disabled]):focus + .c11,
.c19 .c9:not([disabled]):hover + .c11 {
  box-shadow: 0 0 0 3px #FFB500;
}

.c19 .c9:checked ~ .c11 svg path {
  fill: rgba(0,0,0,0.90);
}

.c19 .c9:checked ~ .c11 svg path {
  fill: #4d7080;
}

.c19 .c11:hover,
.c19 .c11:focus {
  outline: none;
  cursor: not-allowed;
}

.c19 .c7 {
  padding: 1px 0 0 0;
}

.c19 .c9,
.c19 svg {
  padding: 1px;
}

.c19 .c7,
.c19 .c9,
.c19 .c11,
.c19 svg {
  height: 15px;
  width: 15px;
}

.c19 .c9:not([disabled]):focus + .c11,
.c19 .c9:not([disabled]):hover + .c11 {
  box-shadow: none;
}

.c19 .c9:not([disabled]):focus + .c11 > svg,
.c19 .c9:not([disabled]):hover + .c11 > svg {
  border: 1px solid #1963f6;
  outline: none;
}

.c19 .c9:checked ~ .c11 svg path {
  fill: rgba(0,0,0,0.85);
}

.c19 .c9:checked ~ .c11 svg path {
  fill: #8099a4;
}

.c19 .c7 {
  margin-right: 16px;
}

.c19 .c11 {
  padding: 0;
}

.c19 .c11,
.c19 svg {
  border-radius: 50%;
}

.c19 .c7,
.c19 .c9,
.c19 .c11,
.c19 svg {
  height: 16px;
  width: 16px;
}

.c19 .c9:checked + .c11 circle {
  fill: rgba(0,0,0,0.9);
}

.c19 .c9:checked + .c11 circle {
  fill: #4d7080;
}

.c19 .c7,
.c19 .c9,
.c19 .c11,
.c19 svg {
  height: 15px;
  width: 15px;
}

.c19 .c7 {
  margin-right: 6px;
}

.c19 .c9:not([disabled]):focus + .c11 > svg {
  box-shadow: 0 0 6px rgba(25,99,246,0.6);
  -webkit-transition: box-shadow 0.1s linear;
  transition: box-shadow 0.1s linear;
}

.c19 .c9:checked + .c11 circle {
  fill: rgba(0,0,0,0.85);
}

.c19 .c9:checked + .c11 circle {
  fill: #8099a4;
}

.c20 .c7 {
  padding-top: 1px;
}

.c20 .c11 {
  height: 16px;
}

.c20 .c9,
.c20 svg {
  height: 16px;
  position: absolute;
  padding: 1px;
}

.c20 .c7,
.c20 .c9,
.c20 .c11,
.c20 svg {
  box-sizing: border-box;
  min-width: 16px;
  width: 16px;
}

.c20 .c9:not([disabled]):focus + .c11,
.c20 .c9:not([disabled]):hover + .c11 {
  box-shadow: 0 0 0 3px #FFB500;
}

.c20 .c9:checked ~ .c11 svg path {
  fill: rgba(0,0,0,0.90);
}

.c20 .c7 {
  padding: 1px 0 0 0;
}

.c20 .c9,
.c20 svg {
  padding: 1px;
}

.c20 .c7,
.c20 .c9,
.c20 .c11,
.c20 svg {
  height: 15px;
  width: 15px;
}

.c20 .c9:not([disabled]):focus + .c11,
.c20 .c9:not([disabled]):hover + .c11 {
  box-shadow: none;
}

.c20 .c9:not([disabled]):focus + .c11 > svg,
.c20 .c9:not([disabled]):hover + .c11 > svg {
  border: 1px solid #1963f6;
  outline: none;
}

.c20 .c9:checked ~ .c11 svg path {
  fill: rgba(0,0,0,0.85);
}

.c20 .c7 {
  margin-right: 16px;
}

.c20 .c11 {
  padding: 0;
}

.c20 .c11,
.c20 svg {
  border-radius: 50%;
}

.c20 .c7,
.c20 .c9,
.c20 .c11,
.c20 svg {
  height: 16px;
  width: 16px;
}

.c20 .c9:checked + .c11 circle {
  fill: rgba(0,0,0,0.9);
}

.c20 .c7,
.c20 .c9,
.c20 .c11,
.c20 svg {
  height: 15px;
  width: 15px;
}

.c20 .c7 {
  margin-right: 6px;
}

.c20 .c9:not([disabled]):focus + .c11 > svg {
  box-shadow: 0 0 6px rgba(25,99,246,0.6);
  -webkit-transition: box-shadow 0.1s linear;
  transition: box-shadow 0.1s linear;
}

.c20 .c9:checked + .c11 circle {
  fill: rgba(0,0,0,0.85);
}

.c20 .c7 {
  margin-left: 6px;
}

.c21 .c7 {
  padding-top: 1px;
}

.c21 .c11 {
  height: 16px;
}

.c21 .c9,
.c21 svg {
  height: 16px;
  position: absolute;
  padding: 1px;
}

.c21 .c7,
.c21 .c9,
.c21 .c11,
.c21 svg {
  box-sizing: border-box;
  min-width: 16px;
  width: 16px;
}

.c21 .c9:not([disabled]):focus + .c11,
.c21 .c9:not([disabled]):hover + .c11 {
  box-shadow: 0 0 0 3px #FFB500;
}

.c21 .c9:checked ~ .c11 svg path {
  fill: rgba(0,0,0,0.90);
}

.c21 .c7 {
  padding: 1px 0 0 0;
}

.c21 .c9,
.c21 svg {
  padding: 1px;
}

.c21 .c7,
.c21 .c9,
.c21 .c11,
.c21 svg {
  height: 15px;
  width: 15px;
}

.c21 .c9:not([disabled]):focus + .c11,
.c21 .c9:not([disabled]):hover + .c11 {
  box-shadow: none;
}

.c21 .c9:not([disabled]):focus + .c11 > svg,
.c21 .c9:not([disabled]):hover + .c11 > svg {
  border: 1px solid #1963f6;
  outline: none;
}

.c21 .c9:checked ~ .c11 svg path {
  fill: rgba(0,0,0,0.85);
}

.c21 .c7 {
  margin-right: 16px;
}

.c21 .c11 {
  padding: 0;
}

.c21 .c11,
.c21 svg {
  border-radius: 50%;
}

.c21 .c7,
.c21 .c9,
.c21 .c11,
.c21 svg {
  height: 16px;
  width: 16px;
}

.c21 .c9:checked + .c11 circle {
  fill: rgba(0,0,0,0.9);
}

.c21 .c7,
.c21 .c9,
.c21 .c11,
.c21 svg {
  height: 15px;
  width: 15px;
}

.c21 .c7 {
  margin-right: 6px;
}

.c21 .c9:not([disabled]):focus + .c11 > svg {
  box-shadow: 0 0 6px rgba(25,99,246,0.6);
  -webkit-transition: box-shadow 0.1s linear;
  transition: box-shadow 0.1s linear;
}

.c21 .c9:checked + .c11 circle {
  fill: rgba(0,0,0,0.85);
}

.c21 .c7 {
  margin-left: 6px;
}

.c1 {
  padding-top: 8px;
  margin-bottom: 12px;
}

.c1 .c7 {
  padding-top: 1px;
}

.c1 .c11 {
  height: 16px;
}

.c1 svg {
  background-color: #FFFFFF;
  border: 1px solid #668592;
}

.c1 .c9,
.c1 svg {
  height: 16px;
  position: absolute;
  padding: 1px;
}

.c1 .c7,
.c1 .c9,
.c1 .c11,
.c1 svg {
  box-sizing: border-box;
  min-width: 16px;
  width: 16px;
}

.c1 .c9:not([disabled]):focus + .c11,
.c1 .c9:not([disabled]):hover + .c11 {
  box-shadow: 0 0 0 3px #FFB500;
}

.c1 .c23 {
  margin-left: 8px;
  width: auto;
  -webkit-flex: 0 1 auto;
  -ms-flex: 0 1 auto;
  flex: 0 1 auto;
}

.c1 .c22 {
  margin-left: 24px;
  margin-top: 0;
}

.c1 .c25 {
  position: relative;
  display: inline-block;
}

.c1 .c9:checked ~ .c11 svg path {
  fill: rgba(0,0,0,0.90);
}

.c1 .c22 {
  margin-left: 32px;
  padding-left: 0;
}

.c1 .c7 {
  margin-right: 16px;
}

.c1 .c11 {
  padding: 0;
}

.c1 .c11,
.c1 svg {
  border-radius: 50%;
}

.c1 .c7,
.c1 .c9,
.c1 .c11,
.c1 svg {
  height: 16px;
  width: 16px;
}

.c1 svg {
  padding: 1px;
}

.c1 circle {
  r: 5;
}

.c1 .c23 {
  -webkit-flex: 1 1 calc(100% - 44px);
  -ms-flex: 1 1 calc(100% - 44px);
  flex: 1 1 calc(100% - 44px);
  margin-left: 0;
}

.c1 .c9:checked + .c11 circle {
  fill: rgba(0,0,0,0.9);
}

.c0 {
  border: none;
  margin: 0;
  padding: 0;
  min-width: 0;
  min-inline-size: 0;
}

<fieldset
  className="c0"
  data-component="radiogroup"
  role="radiogroup"
>
  <div
    className=""
  >
    <div
      className=""
      data-component="radio-button-group"
      role="group"
    >
      <div
        checked={false}
        className="c1"
        data-component="radio-button"
      >
        <div
          checked={false}
          className="c2"
        >
          <div
            className="c3 c4"
          >
            <div
              className="c5 c6"
            >
              <div
                className="c7 c8"
              >
                <input
                  aria-checked={false}
                  aria-describedby="guid-12345-help"
                  aria-labelledby="guid-12345-label"
                  checked={false}
                  className="c9 c10"
                  id="guid-12345"
                  onBlur={[Function]}
                  onChange={[Function]}
                  onFocus={[Function]}
                  onMouseEnter={[Function]}
                  onMouseLeave={[Function]}
                  role="radio"
                  type="radio"
                  value="test"
                />
                <div
                  className="c11 "
                >
                  <svg
                    focusable="false"
                    viewBox="0 0 15 15"
                  >
                    <g
                      fill="none"
                      fillRule="evenodd"
                      stroke="none"
                      strokeWidth="1"
                    >
                      <circle
                        className="radio-button-check"
                        cx="7.5"
                        cy="7.5"
                        fill="#FFFFFF"
                        r="5"
                      />
                    </g>
                  </svg>
                </div>
              </div>
            </div>
          </div>
        </div>
      </div>
    </div>
  </div>
</fieldset>
`;
