// Jest Snapshot v1, https://goo.gl/fbAQLP

exports[`MessageContent when rendered should render correctly 1`] = `
<styled.div
  data-element="message-content"
  reduceLeftPadding={false}
>
  <Content>
    children
  </Content>
</styled.div>
`;
